// Vitest Snapshot v1

exports[`creates a valid router context > context 1`] = `
{
  "adapter": {
    "resolveComponent": [Function],
    "swapDialog": [Function],
    "swapView": [Function],
  },
  "axios": [Function],
  "hooks": {},
  "plugins": [],
  "scrollRegions": [],
  "serializer": {
    "serialize": [Function],
    "unserialize": [Function],
  },
  "state": {},
  "url": "https://localhost/",
  "version": "123",
  "view": {
    "name": "my-owo-view",
    "properties": {
      "foo": "bar",
    },
  },
}
`;

exports[`updates the context > base context 1`] = `
{
  "adapter": {
    "resolveComponent": [Function],
    "swapDialog": [Function],
    "swapView": [Function],
  },
  "axios": [Function],
  "hooks": {},
  "plugins": [],
  "scrollRegions": [],
  "serializer": {
    "serialize": [Function],
    "unserialize": [Function],
  },
  "state": {},
  "url": "https://localhost/",
  "version": "abc123",
  "view": {
    "name": "default.view",
    "properties": {},
  },
}
`;

exports[`updates the context > updated context 1`] = `
{
  "adapter": {
    "resolveComponent": [Function],
    "swapDialog": [Function],
    "swapView": [Function],
  },
  "axios": [Function],
  "hooks": {},
  "plugins": [],
  "scrollRegions": [],
  "serializer": {
    "serialize": [Function],
    "unserialize": [Function],
  },
  "state": {},
  "url": "https://localhost/foo/bar",
  "version": "new-version-string",
  "view": {
    "name": "default.view",
    "properties": {},
  },
}
`;

exports[`updates the context > updated context with dialog 1`] = `
{
  "adapter": {
    "resolveComponent": [Function],
    "swapDialog": [Function],
    "swapView": [Function],
  },
  "axios": [Function],
  "dialog": {
    "name": "some.dialog",
    "properties": {
      "foo": "bar",
    },
  },
  "hooks": {},
  "plugins": [],
  "scrollRegions": [],
  "serializer": {
    "serialize": [Function],
    "unserialize": [Function],
  },
  "state": {},
  "url": "https://localhost/foo/bar/dialog",
  "version": "new-version-string",
  "view": {
    "name": "default.view",
    "properties": {},
  },
}
`;

exports[`updates the context > updated context with no dialog 1`] = `
{
  "adapter": {
    "resolveComponent": [Function],
    "swapDialog": [Function],
    "swapView": [Function],
  },
  "axios": [Function],
  "dialog": undefined,
  "hooks": {},
  "plugins": [],
  "scrollRegions": [],
  "serializer": {
    "serialize": [Function],
    "unserialize": [Function],
  },
  "state": {},
  "url": "https://localhost/foo",
  "version": "new-version-string",
  "view": {
    "name": "default.view",
    "properties": {},
  },
}
`;
